Backend: cpu [CpuDevice(id=0)]
Grid strategic: 9 cells, 2 seeds = 18 runs
Cells: [(64, 20), (256, 20), (256, 40), (256, 80), (256, 160), (128, 20), (512, 20), (128, 80), (512, 160)]
Seeds: [45, 46]
Max steps: 500
[1/18] N=64 M=20 seed=45 ...
  -> wall=21.6s reward=13.0 ach=14 steps=301
[2/18] N=64 M=20 seed=46 ...
  -> wall=14.6s reward=9.0 ach=10 steps=208
[3/18] N=256 M=20 seed=45 ...
  -> wall=24.9s reward=5.0 ach=6 steps=143
[4/18] N=256 M=20 seed=46 ...
  -> wall=37.4s reward=15.1 ach=16 steps=233
[5/18] N=256 M=40 seed=45 ...
  -> wall=21.9s reward=6.6 ach=8 steps=61
[6/18] N=256 M=40 seed=46 ...
  -> wall=75.0s reward=14.1 ach=15 steps=251
[7/18] N=256 M=80 seed=45 ...
  -> wall=122.4s reward=5.9 ach=7 steps=210
[8/18] N=256 M=80 seed=46 ...
  -> wall=156.8s reward=14.0 ach=15 steps=269
[9/18] N=256 M=160 seed=45 ...
  -> wall=238.6s reward=6.1 ach=7 steps=210
[10/18] N=256 M=160 seed=46 ...
  -> wall=250.6s reward=11.9 ach=13 steps=221
[11/18] N=128 M=20 seed=45 ...
  -> wall=24.8s reward=13.5 ach=15 steps=235
[12/18] N=128 M=20 seed=46 ...
  -> wall=21.7s reward=11.0 ach=12 steps=193
[13/18] N=512 M=20 seed=45 ...
  -> wall=71.4s reward=11.1 ach=12 steps=264
[14/18] N=512 M=20 seed=46 ...
  -> wall=22.3s reward=6.1 ach=7 steps=68
[15/18] N=128 M=80 seed=45 ...
  -> wall=85.9s reward=14.0 ach=15 steps=247
[16/18] N=128 M=80 seed=46 ...
  -> wall=27.8s reward=6.1 ach=7 steps=63
[17/18] N=512 M=160 seed=45 ...
  -> wall=161.4s reward=8.0 ach=9 steps=77
[18/18] N=512 M=160 seed=46 ...
  -> wall=388.2s reward=11.1 ach=12 steps=189

=== SUMMARY ===
Total wall: 29.5 min
  N= 64 M= 20: Crafter=18.30% ach=12.0 steps=254 wall=18s BLOCKERS=—
  N=128 M= 20: Crafter=27.47% ach=13.5 steps=214 wall=23s BLOCKERS=—
  N=128 M= 80: Crafter=17.14% ach=11.0 steps=155 wall=57s BLOCKERS=—
  N=256 M= 20: Crafter=20.03% ach=11.0 steps=188 wall=31s BLOCKERS=—
  N=256 M= 40: Crafter=20.69% ach=11.5 steps=156 wall=48s BLOCKERS=—
  N=256 M= 80: Crafter=17.14% ach=11.0 steps=240 wall=140s BLOCKERS=—
  N=256 M=160: Crafter=11.69% ach=10.0 steps=216 wall=245s BLOCKERS=—
  N=512 M= 20: Crafter=11.30% ach=9.5 steps=166 wall=47s BLOCKERS=—
  N=512 M=160: Crafter=14.17% ach=10.5 steps=133 wall=275s BLOCKERS=—
Loading Craftax-Classic textures from cache.
Textures successfully loaded from cache.
