Backend: cpu [CpuDevice(id=0)]
Grid strategic: 9 cells, 3 seeds = 27 runs
Cells: [(64, 20), (256, 20), (256, 40), (256, 80), (256, 160), (128, 20), (512, 20), (128, 80), (512, 160)]
Seeds: [42, 43, 44]
Max steps: 500
[1/27] N=64 M=20 seed=42 ...
  -> wall=21.1s reward=15.0 ach=16 steps=298
[2/27] N=64 M=20 seed=43 ...
  -> wall=8.8s reward=6.0 ach=7 steps=84
[3/27] N=64 M=20 seed=44 ...
  -> wall=13.3s reward=2.6 ach=4 steps=155
[4/27] N=256 M=20 seed=42 ...
  -> wall=41.5s reward=12.1 ach=13 steps=258
[5/27] N=256 M=20 seed=43 ...
  -> wall=28.4s reward=8.8 ach=10 steps=166
[6/27] N=256 M=20 seed=44 ...
  -> wall=21.4s reward=2.0 ach=3 steps=118
[7/27] N=256 M=40 seed=42 ...
  -> wall=40.7s reward=10.0 ach=11 steps=121
[8/27] N=256 M=40 seed=43 ...
  -> wall=48.9s reward=10.5 ach=12 steps=151
[9/27] N=256 M=40 seed=44 ...
  -> wall=44.7s reward=6.0 ach=7 steps=138
[10/27] N=256 M=80 seed=42 ...
  -> wall=115.5s reward=15.1 ach=16 steps=196
[11/27] N=256 M=80 seed=43 ...
  -> wall=58.1s reward=8.1 ach=9 steps=96
[12/27] N=256 M=80 seed=44 ...
  -> wall=78.8s reward=3.0 ach=4 steps=129
[13/27] N=256 M=160 seed=42 ...
  -> wall=132.2s reward=10.0 ach=11 steps=116
[14/27] N=256 M=160 seed=43 ...
  -> wall=108.2s reward=8.1 ach=9 steps=96
[15/27] N=256 M=160 seed=44 ...
  -> wall=145.7s reward=3.0 ach=4 steps=129
[16/27] N=128 M=20 seed=42 ...
  -> wall=28.1s reward=14.0 ach=15 steps=280
[17/27] N=128 M=20 seed=43 ...
  -> wall=23.1s reward=11.1 ach=12 steps=214
[18/27] N=128 M=20 seed=44 ...
  -> wall=14.8s reward=3.1 ach=4 steps=115
[19/27] N=512 M=20 seed=42 ...
  -> wall=52.0s reward=13.0 ach=14 steps=180
[20/27] N=512 M=20 seed=43 ...
  -> wall=55.3s reward=9.0 ach=10 steps=194
[21/27] N=512 M=20 seed=44 ...
  -> wall=33.5s reward=2.1 ach=3 steps=100
[22/27] N=128 M=80 seed=42 ...
  -> wall=68.2s reward=11.1 ach=12 steps=190
[23/27] N=128 M=80 seed=43 ...
  -> wall=52.6s reward=6.1 ach=7 steps=145
[24/27] N=128 M=80 seed=44 ...
  -> wall=41.6s reward=4.1 ach=5 steps=111
[25/27] N=512 M=160 seed=42 ...
  -> wall=255.9s reward=9.1 ach=10 steps=123
[26/27] N=512 M=160 seed=43 ...
  -> wall=307.5s reward=10.1 ach=11 steps=149
[27/27] N=512 M=160 seed=44 ...
  -> wall=402.8s reward=9.1 ach=10 steps=196

=== SUMMARY ===
Total wall: 37.4 min
  N= 64 M= 20: Crafter=17.14% ach=9.0 steps=179 wall=14s BLOCKERS=—
  N=128 M= 20: Crafter=21.79% ach=10.3 steps=203 wall=22s BLOCKERS=—
  N=128 M= 80: Crafter=13.53% ach=8.0 steps=149 wall=54s BLOCKERS=—
  N=256 M= 20: Crafter=14.06% ach=8.7 steps=181 wall=30s BLOCKERS=—
  N=256 M= 40: Crafter=11.65% ach=10.0 steps=137 wall=45s BLOCKERS=—
  N=256 M= 80: Crafter=20.70% ach=9.7 steps=140 wall=84s BLOCKERS=—
  N=256 M=160: Crafter=11.76% ach=8.0 steps=114 wall=129s BLOCKERS=—
  N=512 M= 20: Crafter=14.54% ach=9.0 steps=158 wall=47s BLOCKERS=—
  N=512 M=160: Crafter=11.72% ach=10.3 steps=156 wall=322s BLOCKERS=—
Loading Craftax-Classic textures from cache.
Textures successfully loaded from cache.
