Backend: cpu [CpuDevice(id=0)]
Grid missing: 4 cells, 5 seeds = 20 runs
Cells: [(128, 40), (128, 160), (512, 40), (512, 80)]
Seeds: [42, 43, 44, 45, 46]
Max steps: 500
[1/20] N=128 M=40 seed=42 ...
  -> wall=41.2s reward=10.0 ach=11 steps=224
[2/20] N=128 M=40 seed=43 ...
  -> wall=45.4s reward=12.1 ach=13 steps=274
[3/20] N=128 M=40 seed=44 ...
  -> wall=21.3s reward=4.1 ach=5 steps=111
[4/20] N=128 M=40 seed=45 ...
  -> wall=18.5s reward=10.1 ach=11 steps=93
[5/20] N=128 M=40 seed=46 ...
  -> wall=14.1s reward=6.1 ach=7 steps=63
[6/20] N=128 M=160 seed=42 ...
  -> wall=130.7s reward=8.9 ach=10 steps=213
[7/20] N=128 M=160 seed=43 ...
  -> wall=80.1s reward=9.0 ach=10 steps=124
[8/20] N=128 M=160 seed=44 ...
  -> wall=66.0s reward=4.1 ach=5 steps=103
[9/20] N=128 M=160 seed=45 ...
  -> wall=144.9s reward=10.0 ach=11 steps=236
[10/20] N=128 M=160 seed=46 ...
  -> wall=42.9s reward=6.1 ach=7 steps=63
[11/20] N=512 M=40 seed=42 ...
  -> wall=148.9s reward=15.1 ach=16 steps=288
[12/20] N=512 M=40 seed=43 ...
  -> wall=118.5s reward=10.0 ach=11 steps=227
[13/20] N=512 M=40 seed=44 ...
  -> wall=138.7s reward=10.1 ach=11 steps=265
[14/20] N=512 M=40 seed=45 ...
  -> wall=34.1s reward=7.7 ach=9 steps=58
[15/20] N=512 M=40 seed=46 ...
  -> wall=125.9s reward=13.0 ach=14 steps=242
[16/20] N=512 M=80 seed=42 ...
  -> wall=179.8s reward=10.0 ach=11 steps=175
[17/20] N=512 M=80 seed=43 ...
  -> wall=210.0s reward=10.1 ach=11 steps=204
[18/20] N=512 M=80 seed=44 ...
  -> wall=181.2s reward=10.0 ach=11 steps=176
[19/20] N=512 M=80 seed=45 ...
  -> wall=82.7s reward=8.0 ach=9 steps=77
[20/20] N=512 M=80 seed=46 ...
  -> wall=268.1s reward=12.0 ach=13 steps=263

=== SUMMARY ===
Total wall: 34.9 min
  N=128 M= 40: Crafter=15.16% ach=9.4 steps=153 wall=28s BLOCKERS=—
  N=128 M=160: Crafter=13.41% ach=8.6 steps=148 wall=93s BLOCKERS=—
  N=512 M= 40: Crafter=28.61% ach=12.2 steps=216 wall=113s BLOCKERS=—
  N=512 M= 80: Crafter=21.14% ach=11.0 steps=179 wall=184s BLOCKERS=—
Loading Craftax-Classic textures from cache.
Textures successfully loaded from cache.
