CONFIG: FMCConfig(n_walkers=64, time_horizon=20, alpha=1.0, beta=1.0, action_repeat=1, intrinsic_inv_alpha=0.5, proximity_alpha=0.2, proximity_sigma=10.0, proximity_mode='delta')
  seed= 42  ach=16  reward= 15.0  steps=298  wall=18.6s
  seed= 43  ach= 7  reward=  6.0  steps= 84  wall=8.3s
  seed= 44  ach= 4  reward=  2.6  steps=155  wall=11.8s
  seed= 45  ach=14  reward= 13.0  steps=301  wall=19.1s
  seed= 46  ach=10  reward=  9.0  steps=208  wall=16.5s
  seed= 47  ach=12  reward= 11.1  steps=348  wall=21.2s
  seed= 48  ach= 8  reward=  7.1  steps= 90  wall=8.7s
  seed= 49  ach=15  reward= 14.1  steps=211  wall=14.9s
  seed= 50  ach= 5  reward=  4.1  steps=157  wall=12.4s
  seed= 51  ach=12  reward= 11.1  steps=274  wall=17.5s
  seed= 52  ach=12  reward= 11.1  steps= 97  wall=8.9s
  seed= 53  ach= 3  reward=  2.0  steps= 58  wall=7.0s
  seed= 54  ach= 6  reward=  5.0  steps=122  wall=10.4s
  seed= 55  ach=15  reward= 14.0  steps=192  wall=13.5s
  seed= 56  ach=12  reward= 11.1  steps=342  wall=20.8s
  seed= 57  ach= 9  reward=  8.1  steps=197  wall=13.9s
  seed= 58  ach=11  reward= 10.1  steps=223  wall=15.4s
  seed= 59  ach=14  reward= 13.0  steps=197  wall=13.7s
  seed= 60  ach=10  reward=  9.1  steps= 88  wall=9.0s
  seed= 61  ach=10  reward=  8.7  steps=181  wall=13.0s
  seed= 62  ach= 5  reward=  4.0  steps= 88  wall=8.5s
  seed= 63  ach=10  reward=  9.0  steps=207  wall=14.8s
  seed= 64  ach=11  reward= 10.0  steps=103  wall=9.6s
  seed= 65  ach=11  reward= 10.1  steps=184  wall=13.9s
  seed= 66  ach= 6  reward=  5.1  steps= 76  wall=9.1s
  seed= 67  ach= 9  reward=  8.0  steps=220  wall=15.6s
  seed= 68  ach=12  reward= 11.0  steps=136  wall=12.7s
  seed= 69  ach=14  reward= 13.0  steps=192  wall=14.2s
  seed= 70  ach=10  reward=  9.0  steps=124  wall=10.3s
  seed= 71  ach= 8  reward=  7.1  steps=120  wall=9.7s

=== 30-SEED FINAL BENCHMARK ===
  Crafter score: 21.8674%
  Mean achievements: 10.03 ± 1.21 (CI95)
  Std achievements: 3.38
  Unique achievements: 18/22
  Wall total: 417.8s

  Achievement breakdown:
    collect_wood              1.00 ████████████████████
    place_table               0.93 ██████████████████
    make_wood_pickaxe         0.87 █████████████████
    collect_stone             0.83 ████████████████
    place_stone               0.83 ████████████████
    place_furnace             0.80 ████████████████
    collect_sapling           0.73 ██████████████
    place_plant               0.73 ██████████████
    collect_coal              0.57 ███████████
    collect_drink             0.53 ██████████
    make_stone_pickaxe        0.43 ████████
    make_wood_sword           0.43 ████████
    wake_up                   0.37 ███████
    collect_iron              0.30 ██████
    make_stone_sword          0.27 █████
    defeat_zombie             0.23 ████
    eat_cow                   0.13 ██
    defeat_skeleton           0.03 
Loading Craftax-Classic textures from cache.
Textures successfully loaded from cache.
{
  "config": {
    "n_walkers": 64,
    "time_horizon": 20,
    "alpha": 1.0,
    "beta": 1.0,
    "action_repeat": 1,
    "intrinsic_inv_alpha": 0.5,
    "proximity_alpha": 0.2,
    "proximity_sigma": 10.0,
    "proximity_mode": "delta"
  },
  "n_seeds": 30,
  "achievements_per_seed": [
    16,
    7,
    4,
    14,
    10,
    12,
    8,
    15,
    5,
    12,
    12,
    3,
    6,
    15,
    12,
    9,
    11,
    14,
    10,
    10,
    5,
    10,
    11,
    11,
    6,
    9,
    12,
    14,
    10,
    8
  ],
  "rewards_per_seed": [
    14.999999977648258,
    5.999999985098839,
    2.599999986588955,
    12.999999985098839,
    8.999999985098839,
    11.099999986588955,
    7.099999986588955,
    14.100000001490116,
    4.099999986588955,
    11.099999986588955,
    11.1000000461936,
    1.9999999925494194,
    4.999999985098839,
    13.999999985098839,
    11.099999986588955,
    8.099999986588955,
    10.100000008940697,
    13.0,
    9.099999979138374,
    8.699999995529652,
    3.999999977648258,
    8.999999985098839,
    10.000000052154064,
    10.099999979138374,
    5.100000001490116,
    7.999999977648258,
    10.999999985098839,
    12.999999977648258,
    8.999999985098839,
    7.099999986588955
  ],
  "achievement_success_rates": {
    "collect_coal": 0.5666666666666667,
    "collect_drink": 0.5333333333333333,
    "collect_iron": 0.3,
    "collect_sapling": 0.7333333333333333,
    "collect_stone": 0.8333333333333334,
    "collect_wood": 1.0,
    "defeat_zombie": 0.23333333333333334,
    "make_stone_pickaxe": 0.43333333333333335,
    "make_stone_sword": 0.26666666666666666,
    "make_wood_pickaxe": 0.8666666666666667,
    "make_wood_sword": 0.43333333333333335,
    "place_furnace": 0.8,
    "place_plant": 0.7333333333333333,
    "place_stone": 0.8333333333333334,
    "place_table": 0.9333333333333333,
    "wake_up": 0.36666666666666664,
    "eat_cow": 0.13333333333333333,
    "defeat_skeleton": 0.03333333333333333
  },
  "n_unique_achievements": 18,
  "crafter_score_pct": 21.8674,
  "mean_achievements": 10.03,
  "std_achievements": 3.38,
  "ci95_achievements": 1.21,
  "wall_total_s": 417.8
}
