[v4_p05]
  seed=42 ach=5 reward=3.7 steps_dec=186 wall=17.6s
  seed=43 ach=1 reward=-0.2 steps_dec=37 wall=7.5s
  seed=44 ach=3 reward=2.0 steps_dec=124 wall=13.6s
[v4_p10]
  seed=42 ach=1 reward=-0.0 steps_dec=60 wall=10.1s
  seed=43 ach=0 reward=-0.9 steps_dec=79 wall=9.7s
  seed=44 ach=3 reward=1.8 steps_dec=148 wall=15.2s
[v4_p20]
  seed=42 ach=3 reward=1.8 steps_dec=249 wall=19.3s
  seed=43 ach=3 reward=1.6 steps_dec=112 wall=11.3s
  seed=44 ach=3 reward=2.1 steps_dec=97 wall=10.4s
[v4_ar2p10]
  seed=42 ach=4 reward=3.0 steps_dec=122 wall=14.9s
  seed=43 ach=3 reward=2.1 steps_dec=56 wall=8.6s
  seed=44 ach=3 reward=2.1 steps_dec=95 wall=12.3s
[v4_ar3p10]
  seed=42 ach=3 reward=2.0 steps_dec=67 wall=13.2s
  seed=43 ach=2 reward=1.1 steps_dec=24 wall=8.0s
  seed=44 ach=3 reward=2.0 steps_dec=17 wall=6.6s
=== RANKING ===
  v4_p05        score= 1.50%  mean=3.00  uniq= 5  wall=44s
  v4_ar2p10     score= 1.20%  mean=3.33  uniq= 4  wall=38s
  v4_p20        score= 0.88%  mean=3.00  uniq= 3  wall=43s
  v4_ar3p10     score= 0.84%  mean=2.67  uniq= 3  wall=30s
  v4_p10        score= 0.67%  mean=1.33  uniq= 3  wall=38s
Loading Craftax-Classic textures from cache.
Textures successfully loaded from cache.
{
  "sweep": {
    "v4_p05": {
      "config": {
        "n_walkers": 64,
        "time_horizon": 20,
        "alpha": 1.0,
        "beta": 1.0,
        "action_repeat": 1,
        "intrinsic_inv_alpha": 0.2,
        "proximity_alpha": 0.5,
        "proximity_sigma": 10.0
      },
      "achievements_per_seed": [
        5,
        1,
        3
      ],
      "rewards_per_seed": [
        3.7000000029802322,
        -0.20000002533197403,
        2.0000000074505806
      ],
      "achievement_success_rates": {
        "collect_drink": 0.3333333333333333,
        "collect_sapling": 0.6666666666666666,
        "eat_cow": 0.3333333333333333,
        "place_plant": 0.6666666666666666,
        "wake_up": 1.0
      },
      "n_unique_achievements": 5,
      "crafter_score_pct": 1.4952,
      "mean_achievements": 3.0,
      "wall_total_s": 43.6
    },
    "v4_p10": {
      "config": {
        "n_walkers": 64,
        "time_horizon": 20,
        "alpha": 1.0,
        "beta": 1.0,
        "action_repeat": 1,
        "intrinsic_inv_alpha": 0.2,
        "proximity_alpha": 1.0,
        "proximity_sigma": 10.0
      },
      "achievements_per_seed": [
        1,
        0,
        3
      ],
      "rewards_per_seed": [
        -2.2351741790771484e-08,
        -0.9000000134110451,
        1.8000000044703484
      ],
      "achievement_success_rates": {
        "wake_up": 0.6666666666666666,
        "collect_sapling": 0.3333333333333333,
        "place_plant": 0.3333333333333333
      },
      "n_unique_achievements": 3,
      "crafter_score_pct": 0.6704,
      "mean_achievements": 1.33,
      "wall_total_s": 37.9
    },
    "v4_p20": {
      "config": {
        "n_walkers": 64,
        "time_horizon": 20,
        "alpha": 1.0,
        "beta": 1.0,
        "action_repeat": 1,
        "intrinsic_inv_alpha": 0.2,
        "proximity_alpha": 2.0,
        "proximity_sigma": 10.0
      },
      "achievements_per_seed": [
        3,
        3,
        3
      ],
      "rewards_per_seed": [
        1.7999999821186066,
        1.6000000014901161,
        2.1000000089406967
      ],
      "achievement_success_rates": {
        "collect_sapling": 1.0,
        "place_plant": 1.0,
        "wake_up": 1.0
      },
      "n_unique_achievements": 3,
      "crafter_score_pct": 0.8764,
      "mean_achievements": 3.0,
      "wall_total_s": 43.3
    },
    "v4_ar2p10": {
      "config": {
        "n_walkers": 64,
        "time_horizon": 20,
        "alpha": 1.0,
        "beta": 1.0,
        "action_repeat": 2,
        "intrinsic_inv_alpha": 0.2,
        "proximity_alpha": 1.0,
        "proximity_sigma": 10.0
      },
      "achievements_per_seed": [
        4,
        3,
        3
      ],
      "rewards_per_seed": [
        2.999999985098839,
        2.099999986588955,
        2.099999986588955
      ],
      "achievement_success_rates": {
        "collect_sapling": 1.0,
        "eat_cow": 0.3333333333333333,
        "place_plant": 1.0,
        "wake_up": 1.0
      },
      "n_unique_achievements": 4,
      "crafter_score_pct": 1.2035,
      "mean_achievements": 3.33,
      "wall_total_s": 38.0
    },
    "v4_ar3p10": {
      "config": {
        "n_walkers": 64,
        "time_horizon": 20,
        "alpha": 1.0,
        "beta": 1.0,
        "action_repeat": 3,
        "intrinsic_inv_alpha": 0.2,
        "proximity_alpha": 1.0,
        "proximity_sigma": 10.0
      },
      "achievements_per_seed": [
        3,
        2,
        3
      ],
      "rewards_per_seed": [
        1.9999999776482582,
        1.1000000014901161,
        1.9999999776482582
      ],
      "achievement_success_rates": {
        "collect_sapling": 1.0,
        "place_plant": 0.6666666666666666,
        "wake_up": 1.0
      },
      "n_unique_achievements": 3,
      "crafter_score_pct": 0.8425,
      "mean_achievements": 2.67,
      "wall_total_s": 29.8
    }
  },
  "ranking": [
    [
      "v4_p05",
      1.4952,
      3.0,
      5,
      43.6
    ],
    [
      "v4_ar2p10",
      1.2035,
      3.33,
      4,
      38.0
    ],
    [
      "v4_p20",
      0.8764,
      3.0,
      3,
      43.3
    ],
    [
      "v4_ar3p10",
      0.8425,
      2.67,
      3,
      29.8
    ],
    [
      "v4_p10",
      0.6704,
      1.33,
      3,
      37.9
    ]
  ]
}
