======================================================================
autoresearch-plasma: experiment driver
======================================================================
  jax_backend: cpu
  jax_devices: ['cpu:0']
  n_published_targets: 6
  n_real_targets: 1
  total_targets: 7
  wall_budget_s: 600
  n_seeds_default: 3

  Loading fmc_mutable_plasma.py...

  Starting evaluation...
  scenario=iter_like_ramp  duration=1.00s
    seed=0: mean_err=   0.38  phys=  7.0%  dec=985µs
    seed=1: mean_err=   0.39  phys=  7.1%  dec=977µs
    seed=2: mean_err=   0.38  phys=  6.7%  dec=909µs
  scenario=negative_triangularity  duration=0.80s
    seed=0: mean_err=   3.53  phys=  8.8%  dec=899µs
    seed=1: mean_err=   3.54  phys=  8.6%  dec=904µs
    seed=2: mean_err=   3.52  phys=  8.2%  dec=886µs
  scenario=high_elongation  duration=0.60s
    seed=0: mean_err=   0.21  phys= 10.5%  dec=900µs
    seed=1: mean_err=   0.22  phys= 10.3%  dec=888µs
    seed=2: mean_err=   0.26  phys= 11.0%  dec=900µs
  scenario=z_position_swing  duration=0.50s
    seed=0: mean_err=   0.86  phys= 14.0%  dec=899µs
    seed=1: mean_err=   0.80  phys= 13.8%  dec=900µs
    seed=2: mean_err=   0.85  phys= 13.6%  dec=904µs
  scenario=r_axis_shift  duration=0.60s
    seed=0: mean_err=   0.21  phys= 11.8%  dec=899µs
    seed=1: mean_err=   0.21  phys= 11.8%  dec=902µs
    seed=2: mean_err=   0.23  phys= 11.7%  dec=894µs
  scenario=combined_complex  duration=1.20s
    seed=0: mean_err=   1.75  phys=  5.8%  dec=910µs
    seed=1: mean_err=   1.76  phys=  5.9%  dec=901µs
    seed=2: mean_err=   1.75  phys=  5.4%  dec=901µs
  scenario=M16_real_TCV_65402  duration=0.50s
    seed=0: mean_err=   0.69  phys= 12.6%  dec=906µs
    seed=1: mean_err=   0.70  phys= 13.8%  dec=914µs
    seed=2: mean_err=   0.76  phys= 13.6%  dec=959µs

---
score:               -0.0846
mean_err:            1.0949
physicality_pct:     10.10
n_scenarios:         7/7
n_seeds:             21
wall_s:              26.8
decisions_per_sec:   581.2

  per scenario:
    iter_like_ramp                  err=   0.38± 0.01  phys=  6.9%
    negative_triangularity          err=   3.53± 0.01  phys=  8.5%
    high_elongation                 err=   0.23± 0.03  phys= 10.6%
    z_position_swing                err=   0.84± 0.03  phys= 13.8%
    r_axis_shift                    err=   0.22± 0.01  phys= 11.8%
    combined_complex                err=   1.75± 0.01  phys=  5.7%
    M16_real_TCV_65402              err=   0.71± 0.04  phys= 13.3%

status (auto):       discard
baseline_score:      -0.0723
vs_baseline:         -0.0123
description:         exp05: STRUCTURAL swap to FMCHierarchical (M18 ach-fire on M15 time-varying targets)

  Logged to results.tsv (commit 835533b)
  Saved results/exp05.json
