======================================================================
autoresearch-plasma: experiment driver
======================================================================
  jax_backend: cpu
  jax_devices: ['cpu:0']
  n_published_targets: 6
  n_real_targets: 1
  total_targets: 7
  wall_budget_s: 600
  n_seeds_default: 3

  Loading fmc_mutable_plasma.py...

  Starting evaluation...
  scenario=iter_like_ramp  duration=1.00s
    seed=0: mean_err=   0.37  phys=  7.0%  dec=888µs
    seed=1: mean_err=   0.37  phys=  7.1%  dec=900µs
    seed=2: mean_err=   0.37  phys=  6.7%  dec=889µs
  scenario=negative_triangularity  duration=0.80s
    seed=0: mean_err=   3.53  phys=  8.8%  dec=865µs
    seed=1: mean_err=   3.52  phys=  8.9%  dec=875µs
    seed=2: mean_err=   3.52  phys=  8.5%  dec=858µs
  scenario=high_elongation  duration=0.60s
    seed=0: mean_err=   0.21  phys= 11.7%  dec=890µs
    seed=1: mean_err=   0.21  phys= 11.8%  dec=867µs
    seed=2: mean_err=   0.21  phys= 11.0%  dec=864µs
  scenario=z_position_swing  duration=0.50s
    seed=0: mean_err=   0.84  phys= 14.2%  dec=869µs
    seed=1: mean_err=   0.79  phys= 14.2%  dec=871µs
    seed=2: mean_err=   0.84  phys= 14.4%  dec=862µs
  scenario=r_axis_shift  duration=0.60s
    seed=0: mean_err=   0.20  phys= 11.8%  dec=866µs
    seed=1: mean_err=   0.19  phys= 11.8%  dec=893µs
    seed=2: mean_err=   0.20  phys= 11.7%  dec=946µs
  scenario=combined_complex  duration=1.20s
    seed=0: mean_err=   1.74  phys=  5.8%  dec=879µs
    seed=1: mean_err=   1.75  phys=  5.9%  dec=976µs
    seed=2: mean_err=   1.74  phys=  5.7%  dec=894µs
  scenario=M16_real_TCV_65402  duration=0.50s
    seed=0: mean_err=   0.70  phys= 14.0%  dec=927µs
    seed=1: mean_err=   0.69  phys= 13.8%  dec=886µs
    seed=2: mean_err=   0.74  phys= 13.4%  dec=905µs

---
score:               -0.0430
mean_err:            1.0819
physicality_pct:     10.39
n_scenarios:         7/7
n_seeds:             21
wall_s:              25.9
decisions_per_sec:   603.1

  per scenario:
    iter_like_ramp                  err=   0.37± 0.00  phys=  6.9%
    negative_triangularity          err=   3.52± 0.00  phys=  8.7%
    high_elongation                 err=   0.21± 0.00  phys= 11.5%
    z_position_swing                err=   0.82± 0.03  phys= 14.3%
    r_axis_shift                    err=   0.20± 0.01  phys= 11.8%
    combined_complex                err=   1.74± 0.00  phys=  5.8%
    M16_real_TCV_65402              err=   0.71± 0.03  phys= 13.7%

status (auto):       discard
baseline_score:      -0.0723
vs_baseline:         +0.0293
description:         exp04: STRUCTURAL SHAPE_WEIGHTS 2x [200,200,20,20] (amplify track signal)

  Logged to results.tsv (commit 835533b)
  Saved results/exp04.json
