======================================================================
autoresearch-plasma: experiment driver
======================================================================
  jax_backend: cpu
  jax_devices: ['cpu:0']
  n_published_targets: 6
  n_real_targets: 1
  total_targets: 7
  wall_budget_s: 600
  n_seeds_default: 3

  Loading fmc_mutable_plasma.py...

  Starting evaluation...
  scenario=iter_like_ramp  duration=1.00s
    seed=0: mean_err=   0.35  phys=  5.8%  dec=1691µs
    seed=1: mean_err=   0.35  phys=  5.7%  dec=1691µs
    seed=2: mean_err=   0.37  phys=  6.0%  dec=1690µs
  scenario=negative_triangularity  duration=0.80s
    seed=0: mean_err=   3.48  phys=  7.1%  dec=1683µs
    seed=1: mean_err=   3.48  phys=  7.0%  dec=1702µs
    seed=2: mean_err=   3.52  phys=  7.5%  dec=1701µs
  scenario=high_elongation  duration=0.60s
    seed=0: mean_err=   0.18  phys=  9.8%  dec=1683µs
    seed=1: mean_err=   0.17  phys=  9.8%  dec=1687µs
    seed=2: mean_err=   0.22  phys= 10.0%  dec=1707µs
  scenario=z_position_swing  duration=0.50s
    seed=0: mean_err=   0.76  phys= 10.8%  dec=1696µs
    seed=1: mean_err=   0.75  phys= 11.2%  dec=1694µs
    seed=2: mean_err=   0.78  phys= 12.0%  dec=1687µs
  scenario=r_axis_shift  duration=0.60s
    seed=0: mean_err=   0.16  phys=  9.8%  dec=1730µs
    seed=1: mean_err=   0.14  phys= 10.0%  dec=1699µs
    seed=2: mean_err=   0.21  phys= 10.5%  dec=1708µs
  scenario=combined_complex  duration=1.20s
    seed=0: mean_err=   1.72  phys=  4.7%  dec=1754µs
    seed=1: mean_err=   1.72  phys=  4.9%  dec=1725µs
    seed=2: mean_err=   1.75  phys=  5.0%  dec=1696µs
  scenario=M16_real_TCV_65402  duration=0.50s
    seed=0: mean_err=   0.65  phys= 11.6%  dec=1710µs
    seed=1: mean_err=   0.65  phys= 11.2%  dec=1694µs
    seed=2: mean_err=   0.71  phys= 12.0%  dec=1734µs

---
score:               -0.1846
mean_err:            1.0537
physicality_pct:     8.69
n_scenarios:         7/7
n_seeds:             21
wall_s:              38.2
decisions_per_sec:   408.5

  per scenario:
    iter_like_ramp                  err=   0.36± 0.01  phys=  5.8%
    negative_triangularity          err=   3.50± 0.02  phys=  7.2%
    high_elongation                 err=   0.19± 0.03  phys=  9.9%
    z_position_swing                err=   0.76± 0.02  phys= 11.3%
    r_axis_shift                    err=   0.17± 0.04  phys= 10.1%
    combined_complex                err=   1.73± 0.02  phys=  4.9%
    M16_real_TCV_65402              err=   0.67± 0.03  phys= 11.6%

status (auto):       discard
baseline_score:      -0.0723
vs_baseline:         -0.1123
description:         exp03: HORIZON 10 -> 25 (longer lookahead to pre-empt I_p decay)

  Logged to results.tsv (commit 835533b)
  Saved results/exp03.json
